GNU Tool Chain  

Linker command line:

--edf=C:\Program Files (x86)\CCompiler\Compiler\data\dat\en_msgs.txt -cs \
  -h+ft60fc2x_io.sym --cmf=ft60fc2x_io.cmf -z -QFT60FC2X \
  -oC:\Users\gcsja805\AppData\Local\Temp\sla0.2 -Mft60fc2x_io.map -E1 \
  -ver=XC8 -ASTACK=04Bh-06fh -pstack=STACK -ACODE=00h-07FFh \
  -ASTRCODE=00h-07FFh -ASTRING=00h-0FFhx8 -ACONST=00h-0FFhx8 \
  -AENTRY=00h-0FFhx8 -ACOMMON=070h-07Fh -ABANK0=020h-06Fh -ABANK1=0A0h-0BFh \
  -ARAM=020h-06Fh,0A0h-0BFh -AABS1=020h-07Fh,0A0h-0BFh -ASFR0=00h-01Fh \
  -ASFR1=080h-09Fh -preset_vec=00h,intentry=04h,init,end_init \
  -ppowerup=CODE -pcinit=CODE -pfunctab=ENTRY -ACONFIG=02007h-02007h \
  -pconfig=CONFIG -DCONFIG=2 -AIDLOC=02000h-02003h -pidloc=IDLOC -DIDLOC=2 \
  -AEEDATA=00h-0FFh/02100h -peeprom_data=EEDATA -DEEDATA=2 -DCODE=2 \
  -DSTRCODE=2 -DSTRING=2 -DCONST=2 -DENTRY=2 -k \
  C:\Users\gcsja805\AppData\Local\Temp\sla0.obj ft60fc2x_io.obj 

Object code version is 3.11

Machine type is FT60FC2X



                Name                               Link     Load   Length Selector   Space Scale
C:\Users\gcsja805\AppData\Local\Temp\sla0.obj
                end_init                              C        C        1        8       0
                reset_vec                             0        0        1        0       0
ft60fc2x_io.obj cinit                                 D        D       14        8       0
                functab                              21       21        A       42       0
                intentry                              4        4        8        8       0
                text39                              1AC      1AC        E       56       0
                text38                               2B       2B       64       56       0
                text37                              1D2      1D2        A       56       0
                text36                              171      171       10       56       0
                text35                              239      239        2      444       0
                text34                              114      114       1A       56       0
                text33                              232      232        3      444       0
                text32                              20D      20D        5       56       0
                text31                              208      208        5       56       0
                text30                              203      203        5       56       0
                text29                              1C7      1C7        B       56       0
                text28                              22F      22F        3      444       0
                text27                              222      222        4      444       0
                text26                              1F3      1F3        6       56       0
                text25                              240      240        1      444       0
                text24                              1FE      1FE        5       56       0
                text23                              23F      23F        1      444       0
                text22                              1F9      1F9        5       56       0
                text21                              23E      23E        1      444       0
                text20                              1BA      1BA        D       56       0
                swtext2                             21E      21E        4      43C       0
                text19                               8F       8F       49       56       0
                text18                              22C      22C        3      444       0
                text17                              21A      21A        4       56       0
                text16                              146      146       16       56       0
                text15                              1E4      1E4        8       56       0
                text14                              237      237        2      444       0
                text13                              216      216        4       56       0
                text12                              229      229        3      444       0
                text11                              212      212        4       56       0
                swtext1                               1        1        3        2       0
                text10                               F9       F9       1B       56       0
                text9                               19E      19E        E       56       0
                text8                               235      235        2      444       0
                text7                               15C      15C       15       56       0
                text6                               23D      23D        1      444       0
                text5                               1EC      1EC        7       56       0
                text4                               23C      23C        1      444       0
                text3                               23B      23B        1      444       0
                text2                               190      190        E       56       0
                text1                                D8       D8       21       56       0
                maintext                            226      226        3      444       0
                cstackBANK0                          46       46        5       20       1
                cstackCOMMON                         70       70        9       70       1
                clrtext                             1DC      1DC        8       56       0
                inittext                            181      181        F       56       0
                dataBANK0                            20       20       18       20       1
                bssBANK0                             38       38        E       20       1
                bssCOMMON                            79       79        4       70       1
                idataBANK0                          12E      12E       18       56       0

TOTAL           Name                               Link     Load   Length     Space
        CLASS   STACK          

        CLASS   CODE           
                end_init                              C        C        1         0
                cinit                                 D        D       14         0
                intentry                              4        4        8         0
                reset_vec                             0        0        1         0
                text39                              1AC      1AC        E         0
                text38                               2B       2B       64         0
                text37                              1D2      1D2        A         0
                text36                              171      171       10         0
                text35                              239      239        2         0
                text34                              114      114       1A         0
                text33                              232      232        3         0
                text32                              20D      20D        5         0
                text31                              208      208        5         0
                text30                              203      203        5         0
                text29                              1C7      1C7        B         0
                text28                              22F      22F        3         0
                text27                              222      222        4         0
                text26                              1F3      1F3        6         0
                text25                              240      240        1         0
                text24                              1FE      1FE        5         0
                text23                              23F      23F        1         0
                text22                              1F9      1F9        5         0
                text21                              23E      23E        1         0
                text20                              1BA      1BA        D         0
                text19                               8F       8F       49         0
                text18                              22C      22C        3         0
                text17                              21A      21A        4         0
                text16                              146      146       16         0
                text15                              1E4      1E4        8         0
                text14                              237      237        2         0
                text13                              216      216        4         0
                text12                              229      229        3         0
                text11                              212      212        4         0
                text10                               F9       F9       1B         0
                text9                               19E      19E        E         0
                text8                               235      235        2         0
                text7                               15C      15C       15         0
                text6                               23D      23D        1         0
                text5                               1EC      1EC        7         0
                text4                               23C      23C        1         0
                text3                               23B      23B        1         0
                text2                               190      190        E         0
                text1                                D8       D8       21         0
                maintext                            226      226        3         0
                clrtext                             1DC      1DC        8         0
                inittext                            181      181        F         0
                idataBANK0                          12E      12E       18         0

        CLASS   STRCODE        

        CLASS   STRING         

        CLASS   CONST          
                swtext2                             21E      21E        4         0
                swtext1                               1        1        3         0

        CLASS   ENTRY          
                functab                              21       21        A         0

        CLASS   COMMON         
                cstackCOMMON                         70       70        9         1
                bssCOMMON                            79       79        4         1

        CLASS   BANK0          
                cstackBANK0                          46       46        5         1
                dataBANK0                            20       20       18         1
                bssBANK0                             38       38        E         1

        CLASS   BANK1          

        CLASS   RAM            

        CLASS   ABS1           
                abs_s1                               7E       7E        2         1

        CLASS   SFR0           

        CLASS   SFR1           

        CLASS   CONFIG         

        CLASS   IDLOC          

        CLASS   EEDATA         



SEGMENTS        Name                           Load    Length   Top    Selector   Space  Class     Delta

                reset_vec                      000000  000001  000001         0       0  CODE        2
                swtext1                        000001  000003  000004         2       0  CONST       2
                intentry                       000004  00001D  000021         8       0  CODE        2
                dataBANK0                      000020  00002B  00004B        20       1  BANK0       1
                functab                        000021  00000A  00002B        42       0  ENTRY       2
                text38                         00002B  0001F3  00021E        56       0  CODE        2
                cstackCOMMON                   000070  00000D  00007D        70       1  COMMON      1
                swtext2                        00021E  000004  000222       43C       0  CONST       2
                text27                         000222  00001F  000241       444       0  CODE        2


UNUSED ADDRESS RANGES

        Name                Unused          Largest block    Delta
        BANK0            04B-06F            25           1
        BANK1            0A0-0BF            20           1
        CODE             241-7FF           5BF           2
        COMMON           07D-07D             1           1
        CONFIG           2007-2007             1           2
        CONST            241-7FF           100           2
        EEDATA           2100-21FF           100           2
        ENTRY            241-7FF           100           2
        IDLOC            2000-2003             4           2
        RAM              04B-06F            25           1
                         0A0-0BF            20
        SFR0             000-01F            20           1
        SFR1             080-09F            20           1
        STACK            04B-06F            25           1
        STRCODE          241-7FF           5BF           2
        STRING           241-7FF           100           2

                                  Symbol Table

DelayMs@Time                cstackBANK0  048
DelayMs@a                   cstackBANK0  049
DelayMs@b                   cstackBANK0  04A
DelayUs@Time                cstackBANK0  046
DelayUs@a                   cstackBANK0  047
ISR@i                       cstackCOMMON 078
PL2                         text19       0CF
PL4                         text19       0D3
READY_Task@counter          bssCOMMON    079
READY_Task@state            bssCOMMON    07B
REGISTER_Control@target     cstackBANK0  046
Ready_Control@on            cstackBANK0  046
SBY_Control@target          cstackBANK0  046
Task_Process@i              cstackBANK0  049
Timer0_Task@Long_Ready_Time bssBANK0     042
_BUZZHH_Control             text26       1F3
_BUZZTT_Task                text25       240
_DelayMs                    text36       171
_DelayUs                    text37       1D2
_GIE                        (abs)        05F
_Hummer_Init                text28       22F
_Hummer_Task                text27       222
_INTCON                     (abs)        00B
_INT_Init                   text35       239
_INT_Read                   text24       1FE
_INT_Task                   text23       23F
_ISR                        text38       02B
_Initial                    text29       1C7
_MSCON                      (abs)        01B
_OPTION                     (abs)        081
_OSCCON                     (abs)        08F
_PA2                        (abs)        02A
_PA4                        (abs)        02C
_PA5                        (abs)        02D
_PORTA                      (abs)        005
_PORTC                      (abs)        007
_POWER_INITIAL              text34       114
_PSINKA                     (abs)        097
_PSINKC                     (abs)        09F
_PSRCA                      (abs)        088
_PSRCC                      (abs)        094
_RC_Init                    text33       232
_RC_Open                    text13       216
_RC_Read                    text22       1F9
_RC_STANDBY_Close           text12       229
_RC_Task                    text21       23E
_READY_Task                 text19       08F
_REGISTER_Control           text16       146
_REGISTER_Detect            text15       1E4
_REGISTER_Init              text32       20D
_REGISTER_Task              text14       237
_Ready_Control              text20       1BA
_Ready_Init                 text31       208
_Regiser_High               text18       22C
_Regiser_Low                text17       21A
_SBY_Control                text10       0F9
_SBY_Detect                 text9        19E
_SBY_Init                   text30       203
_SBY_Task                   text8        235
_STANDBY_Open               text11       212
_SYS                        bssBANK0     038
_T0IE                       (abs)        05D
_T0IF                       (abs)        05A
_TMR0                       (abs)        001
_TRISA                      (abs)        085
_TRISC                      (abs)        087
_TaskCompany                dataBANK0    020
_Task_0                     text5        1EC
_Task_1                     text4        23C
_Task_2                     text3        23B
_Task_3                     text6        23D
_Task_Process               text1        0D8
_Timer0_Task                text7        15C
_WPUA                       (abs)        095
_WPUC                       (abs)        093
__Habs1                     abs1         000
__Hbank0                    bank0        000
__Hbank1                    bank1        000
__HbssBANK0                 bssBANK0     000
__HbssCOMMON                bssCOMMON    000
__Hcinit                    cinit        021
__Hclrtext                  clrtext      000
__Hcode                     code         000
__Hcommon                   common       000
__Hconfig                   config       000
__HcstackBANK0              cstackBANK0  000
__HcstackCOMMON             cstackCOMMON 000
__HdataBANK0                dataBANK0    000
__Heeprom_data              eeprom_data  000
__Hend_init                 end_init     00D
__Hfunctab                  functab      02B
__HidataBANK0               idataBANK0   000
__Hidloc                    idloc        000
__Hinit                     init         00C
__Hinittext                 inittext     000
__Hintentry                 intentry     00C
__Hmaintext                 maintext     000
__Hpa_nodes0                pa_nodes0    000
__Hpowerup                  powerup      000
__Hram                      ram          000
__Hreset_vec                reset_vec    001
__Hsfr0                     sfr0         000
__Hsfr1                     sfr1         000
__Hspace_0                  (abs)        241
__Hspace_1                  (abs)        07D
__Hspace_2                  (abs)        000
__Hspace_3                  (abs)        000
__Hstack                    stack        000
__Hstrings                  strings      000
__Htext                     text         000
__Labs1                     abs1         000
__Lbank0                    bank0        000
__Lbank1                    bank1        000
__LbssBANK0                 bssBANK0     000
__LbssCOMMON                bssCOMMON    000
__Lcinit                    cinit        00D
__Lclrtext                  clrtext      000
__Lcode                     code         000
__Lcommon                   common       000
__Lconfig                   config       000
__LcstackBANK0              cstackBANK0  000
__LcstackCOMMON             cstackCOMMON 000
__LdataBANK0                dataBANK0    000
__Leeprom_data              eeprom_data  000
__Lend_init                 end_init     00C
__Lfunctab                  functab      021
__LidataBANK0               idataBANK0   000
__Lidloc                    idloc        000
__Linit                     init         00C
__Linittext                 inittext     000
__Lintentry                 intentry     004
__Lmaintext                 maintext     000
__Lpa_nodes0                pa_nodes0    000
__Lpowerup                  powerup      000
__Lram                      ram          000
__Lreset_vec                reset_vec    000
__Lsfr0                     sfr0         000
__Lsfr1                     sfr1         000
__Lspace_0                  (abs)        000
__Lspace_1                  (abs)        000
__Lspace_2                  (abs)        000
__Lspace_3                  (abs)        000
__Lstack                    stack        000
__Lstrings                  strings      000
__Ltext                     text         000
__S0                        (abs)        241
__S1                        (abs)        07D
__S2                        (abs)        000
__S3                        (abs)        000
___bmul                     text2        190
___bmul@multiplicand        cstackBANK0  046
___bmul@multiplier          cstackBANK0  048
___bmul@product             cstackBANK0  047
___int_sp                   stack        000
___latbits                  (abs)        000
___sp                       stack        000
__end_ofPL2                 text19       0D3
__end_ofPL4                 text19       0D8
__end_of_BUZZHH_Control     text26       1F9
__end_of_BUZZTT_Task        text25       241
__end_of_DelayMs            text36       181
__end_of_DelayUs            text37       1DC
__end_of_Hummer_Init        text28       232
__end_of_Hummer_Task        text27       226
__end_of_INT_Init           text35       23B
__end_of_INT_Read           text24       203
__end_of_INT_Task           text23       240
__end_of_ISR                text38       08F
__end_of_Initial            text29       1D2
__end_of_POWER_INITIAL      text34       12E
__end_of_RC_Init            text33       235
__end_of_RC_Open            text13       21A
__end_of_RC_Read            text22       1FE
__end_of_RC_STANDBY_Close   text12       22C
__end_of_RC_Task            text21       23F
__end_of_READY_Task         text19       0CF
__end_of_REGISTER_Control   text16       15C
__end_of_REGISTER_Detect    text15       1EC
__end_of_REGISTER_Init      text32       212
__end_of_REGISTER_Task      text14       239
__end_of_Ready_Control      text20       1C7
__end_of_Ready_Init         text31       20D
__end_of_Regiser_High       text18       22F
__end_of_Regiser_Low        text17       21E
__end_of_SBY_Control        text10       114
__end_of_SBY_Detect         text9        1AC
__end_of_SBY_Init           text30       208
__end_of_SBY_Task           text8        237
__end_of_STANDBY_Open       text11       216
__end_of_Task_0             text5        1F3
__end_of_Task_1             text4        23D
__end_of_Task_2             text3        23C
__end_of_Task_3             text6        23E
__end_of_Task_Process       text1        0F9
__end_of_Timer0_Task        text7        171
__end_of___bmul             text2        19E
__end_of__fptable           functab      02B
__end_of__initialization    cinit        01F
__end_of_main               maintext     229
__end_ofi1___bmul           text39       1BA
__fptable                   functab      021
__initialization            cinit        00D
__pbssBANK0                 bssBANK0     038
__pbssCOMMON                bssCOMMON    079
__pcstackBANK0              cstackBANK0  046
__pcstackCOMMON             cstackCOMMON 070
__pdataBANK0                dataBANK0    020
__pfunctab                  functab      021
__pidataBANK0               idataBANK0   12E
__pintentry                 intentry     004
__pmaintext                 maintext     226
__pswtext1                  swtext1      001
__pswtext2                  swtext2      21E
__ptext1                    text1        0D8
__ptext10                   text10       0F9
__ptext11                   text11       212
__ptext12                   text12       229
__ptext13                   text13       216
__ptext14                   text14       237
__ptext15                   text15       1E4
__ptext16                   text16       146
__ptext17                   text17       21A
__ptext18                   text18       22C
__ptext19                   text19       08F
__ptext2                    text2        190
__ptext20                   text20       1BA
__ptext21                   text21       23E
__ptext22                   text22       1F9
__ptext23                   text23       23F
__ptext24                   text24       1FE
__ptext25                   text25       240
__ptext26                   text26       1F3
__ptext27                   text27       222
__ptext28                   text28       22F
__ptext29                   text29       1C7
__ptext3                    text3        23B
__ptext30                   text30       203
__ptext31                   text31       208
__ptext32                   text32       20D
__ptext33                   text33       232
__ptext34                   text34       114
__ptext35                   text35       239
__ptext36                   text36       171
__ptext37                   text37       1D2
__ptext38                   text38       02B
__ptext39                   text39       1AC
__ptext4                    text4        23C
__ptext5                    text5        1EC
__ptext6                    text6        23D
__ptext7                    text7        15C
__ptext8                    text8        235
__ptext9                    text9        19E
__size_of_BUZZHH_Control    (abs)        000
__size_of_BUZZTT_Task       (abs)        000
__size_of_DelayMs           (abs)        000
__size_of_DelayUs           (abs)        000
__size_of_Hummer_Init       (abs)        000
__size_of_Hummer_Task       (abs)        000
__size_of_INT_Init          (abs)        000
__size_of_INT_Read          (abs)        000
__size_of_INT_Task          (abs)        000
__size_of_ISR               (abs)        000
__size_of_Initial           (abs)        000
__size_of_POWER_INITIAL     (abs)        000
__size_of_RC_Init           (abs)        000
__size_of_RC_Open           (abs)        000
__size_of_RC_Read           (abs)        000
__size_of_RC_STANDBY_Close  (abs)        000
__size_of_RC_Task           (abs)        000
__size_of_READY_Task        (abs)        000
__size_of_REGISTER_Control  (abs)        000
__size_of_REGISTER_Detect   (abs)        000
__size_of_REGISTER_Init     (abs)        000
__size_of_REGISTER_Task     (abs)        000
__size_of_Ready_Control     (abs)        000
__size_of_Ready_Init        (abs)        000
__size_of_Regiser_High      (abs)        000
__size_of_Regiser_Low       (abs)        000
__size_of_SBY_Control       (abs)        000
__size_of_SBY_Detect        (abs)        000
__size_of_SBY_Init          (abs)        000
__size_of_SBY_Task          (abs)        000
__size_of_STANDBY_Open      (abs)        000
__size_of_Task_0            (abs)        000
__size_of_Task_1            (abs)        000
__size_of_Task_2            (abs)        000
__size_of_Task_3            (abs)        000
__size_of_Task_Process      (abs)        000
__size_of_Timer0_Task       (abs)        000
__size_of___bmul            (abs)        000
__size_of__fptable          (abs)        000
__size_of_main              (abs)        000
__size_ofi1___bmul          (abs)        000
_current_output             bssCOMMON    07C
_current_output_state       bssBANK0     045
_last_state                 bssBANK0     044
_main                       maintext     226
btemp                       (abs)        07E
clear_ram0                  clrtext      1DC
end_of_initialization       cinit        01F
fpbase                      functab      026
fptable                     functab      021
fptotal                     (abs)        008
i1___bmul                   text39       1AC
i1___bmul@multiplicand      cstackCOMMON 070
i1___bmul@multiplier        cstackCOMMON 071
i1___bmul@product           cstackCOMMON 072
init_fetch0                 inittext     181
init_ram0                   inittext     185
interrupt_function          intentry     004
intlevel0                   functab      021
intlevel1                   functab      021
intlevel2                   functab      021
intlevel3                   functab      021
intlevel4                   functab      021
intlevel5                   functab      021
reset_vec                   reset_vec    000
saved_w                     (abs)        07E
stackhi                     (abs)        000
stacklo                     (abs)        000
start                       init         00C
start_initialization        cinit        00D
wtemp0                      (abs)        07E


FUNCTION INFORMATION:

 *************** function _main *****************
 Defined at:
		line 53 in file "Main.C"
 Parameters:    Size  Location     Type
		None
 Auto vars:     Size  Location     Type
		None
 Return value:  Size  Location     Type
                  1    wreg      void 
 Registers used:
		wreg, fsr0l, fsr0h, status,2, status,0, pclath, cstack
 Tracked objects:
		On entry : 
		On exit  : 
		Unchanged: 
 Data sizes:     COMMON   BANK0   BANK1
      Params:         0       0       0
      Locals:         0       0       0
      Temps:          0       0       0
      Totals:         0       0       0
Total ram usage:        0 bytes
 Hardware stack levels required when called:    8
 This function calls:
		_Initial
		_Task_Process
 This function is called by:
		Startup code after reset
 This function uses a non-reentrant model


 *************** function _Task_Process *****************
 Defined at:
		line 65 in file "TASK.C"
 Parameters:    Size  Location     Type
		None
 Auto vars:     Size  Location     Type
  i               1    3[BANK0 ] unsigned char 
 Return value:  Size  Location     Type
                  1    wreg      void 
 Registers used:
		wreg, fsr0l, fsr0h, status,2, status,0, pclath, cstack
 Tracked objects:
		On entry : 
		On exit  : 
		Unchanged: 
 Data sizes:     COMMON   BANK0   BANK1
      Params:         0       0       0
      Locals:         0       1       0
      Temps:          0       0       0
      Totals:         0       1       0
Total ram usage:        1 bytes
 Hardware stack levels used:    1
 Hardware stack levels required when called:    7
 This function calls:
		_Task_0
		_Task_1
		_Task_2
		_Task_3
		___bmul
 This function is called by:
		_main
 This function uses a non-reentrant model


 *************** function ___bmul *****************
 Defined at:
		line 4 in file "C:\Program Files (x86)\CCompiler\Compiler\data\sources\common\Umul8.c"
 Parameters:    Size  Location     Type
  multiplier      1    wreg     unsigned char 
  multiplicand    1    0[BANK0 ] unsigned char 
 Auto vars:     Size  Location     Type
  multiplier      1    2[BANK0 ] unsigned char 
  product         1    1[BANK0 ] unsigned char 
 Return value:  Size  Location     Type
                  1    wreg      unsigned char 
 Registers used:
		wreg, status,2, status,0
 Tracked objects:
		On entry : 
		On exit  : 
		Unchanged: 
 Data sizes:     COMMON   BANK0   BANK1
      Params:         0       1       0
      Locals:         0       2       0
      Temps:          0       0       0
      Totals:         0       3       0
Total ram usage:        3 bytes
 Hardware stack levels used:    1
 Hardware stack levels required when called:    2
 This function calls:
		Nothing
 This function is called by:
		_Task_Process
		_ISR
 This function uses a non-reentrant model


 *************** function _Task_2 *****************
 Defined at:
		line 45 in file "TASK.C"
 Parameters:    Size  Location     Type
		None
 Auto vars:     Size  Location     Type
		None
 Return value:  Size  Location     Type
                  1    wreg      void 
 Registers used:
		None
 Tracked objects:
		On entry : 
		On exit  : 
		Unchanged: 
 Data sizes:     COMMON   BANK0   BANK1
      Params:         0       0       0
      Locals:         0       0       0
      Temps:          0       0       0
      Totals:         0       0       0
Total ram usage:        0 bytes
 Hardware stack levels used:    1
 Hardware stack levels required when called:    2
 This function calls:
		Nothing
 This function is called by:
		_Task_Process
 This function uses a non-reentrant model


 *************** function _Task_1 *****************
 Defined at:
		line 35 in file "TASK.C"
 Parameters:    Size  Location     Type
		None
 Auto vars:     Size  Location     Type
		None
 Return value:  Size  Location     Type
                  1    wreg      void 
 Registers used:
		None
 Tracked objects:
		On entry : 
		On exit  : 
		Unchanged: 
 Data sizes:     COMMON   BANK0   BANK1
      Params:         0       0       0
      Locals:         0       0       0
      Temps:          0       0       0
      Totals:         0       0       0
Total ram usage:        0 bytes
 Hardware stack levels used:    1
 Hardware stack levels required when called:    2
 This function calls:
		Nothing
 This function is called by:
		_Task_Process
 This function uses a non-reentrant model


 *************** function _Task_0 *****************
 Defined at:
		line 18 in file "TASK.C"
 Parameters:    Size  Location     Type
		None
 Auto vars:     Size  Location     Type
		None
 Return value:  Size  Location     Type
                  1    wreg      void 
 Registers used:
		wreg, fsr0l, fsr0h, status,2, status,0, pclath, cstack
 Tracked objects:
		On entry : 
		On exit  : 
		Unchanged: 
 Data sizes:     COMMON   BANK0   BANK1
      Params:         0       0       0
      Locals:         0       0       0
      Temps:          0       0       0
      Totals:         0       0       0
Total ram usage:        0 bytes
 Hardware stack levels used:    1
 Hardware stack levels required when called:    6
 This function calls:
		_BUZZTT_Task
		_INT_Task
		_RC_Task
		_READY_Task
		_REGISTER_Task
		_SBY_Task
		_Timer0_Task
 This function is called by:
		_Task_Process
 This function uses a non-reentrant model


 *************** function _Task_3 *****************
 Defined at:
		line 54 in file "TASK.C"
 Parameters:    Size  Location     Type
		None
 Auto vars:     Size  Location     Type
		None
 Return value:  Size  Location     Type
                  1    wreg      void 
 Registers used:
		None
 Tracked objects:
		On entry : 
		On exit  : 
		Unchanged: 
 Data sizes:     COMMON   BANK0   BANK1
      Params:         0       0       0
      Locals:         0       0       0
      Temps:          0       0       0
      Totals:         0       0       0
Total ram usage:        0 bytes
 Hardware stack levels used:    1
 Hardware stack levels required when called:    2
 This function calls:
		Nothing
 This function is called by:
		_Task_Process
 This function uses a non-reentrant model


 *************** function _Timer0_Task *****************
 Defined at:
		line 20 in file "Timer.C"
 Parameters:    Size  Location     Type
		None
 Auto vars:     Size  Location     Type
		None
 Return value:  Size  Location     Type
                  1    wreg      void 
 Registers used:
		wreg, status,2, status,0
 Tracked objects:
		On entry : 
		On exit  : 
		Unchanged: 
 Data sizes:     COMMON   BANK0   BANK1
      Params:         0       0       0
      Locals:         0       0       0
      Temps:          0       0       0
      Totals:         0       0       0
Total ram usage:        0 bytes
 Hardware stack levels used:    1
 Hardware stack levels required when called:    2
 This function calls:
		Nothing
 This function is called by:
		_Task_0
 This function uses a non-reentrant model


 *************** function _SBY_Task *****************
 Defined at:
		line 125 in file "SBY.C"
 Parameters:    Size  Location     Type
		None
 Auto vars:     Size  Location     Type
		None
 Return value:  Size  Location     Type
                  1    wreg      void 
 Registers used:
		wreg, fsr0l, fsr0h, status,2, status,0, pclath, cstack
 Tracked objects:
		On entry : 
		On exit  : 
		Unchanged: 
 Data sizes:     COMMON   BANK0   BANK1
      Params:         0       0       0
      Locals:         0       0       0
      Temps:          0       0       0
      Totals:         0       0       0
Total ram usage:        0 bytes
 Hardware stack levels used:    1
 Hardware stack levels required when called:    4
 This function calls:
		_SBY_Control
		_SBY_Detect
 This function is called by:
		_Task_0
 This function uses a non-reentrant model


 *************** function _SBY_Detect *****************
 Defined at:
		line 67 in file "SBY.C"
 Parameters:    Size  Location     Type
		None
 Auto vars:     Size  Location     Type
		None
 Return value:  Size  Location     Type
                  1    wreg      void 
 Registers used:
		wreg, status,2, status,0
 Tracked objects:
		On entry : 
		On exit  : 
		Unchanged: 
 Data sizes:     COMMON   BANK0   BANK1
      Params:         0       0       0
      Locals:         0       0       0
      Temps:          0       0       0
      Totals:         0       0       0
Total ram usage:        0 bytes
 Hardware stack levels used:    1
 Hardware stack levels required when called:    2
 This function calls:
		Nothing
 This function is called by:
		_SBY_Task
 This function uses a non-reentrant model


 *************** function _SBY_Control *****************
 Defined at:
		line 89 in file "SBY.C"
 Parameters:    Size  Location     Type
		None
 Auto vars:     Size  Location     Type
  target          1    0[BANK0 ] enum E1300
 Return value:  Size  Location     Type
                  1    wreg      void 
 Registers used:
		wreg, fsr0l, fsr0h, status,2, status,0, pclath, cstack
 Tracked objects:
		On entry : 
		On exit  : 
		Unchanged: 
 Data sizes:     COMMON   BANK0   BANK1
      Params:         0       0       0
      Locals:         0       1       0
      Temps:          0       0       0
      Totals:         0       1       0
Total ram usage:        1 bytes
 Hardware stack levels used:    1
 Hardware stack levels required when called:    3
 This function calls:
		_RC_Open
		_RC_STANDBY_Close
		_STANDBY_Open
 This function is called by:
		_SBY_Task
 This function uses a non-reentrant model


 *************** function _STANDBY_Open *****************
 Defined at:
		line 45 in file "SBY.C"
 Parameters:    Size  Location     Type
		None
 Auto vars:     Size  Location     Type
		None
 Return value:  Size  Location     Type
                  1    wreg      void 
 Registers used:
		None
 Tracked objects:
		On entry : 
		On exit  : 
		Unchanged: 
 Data sizes:     COMMON   BANK0   BANK1
      Params:         0       0       0
      Locals:         0       0       0
      Temps:          0       0       0
      Totals:         0       0       0
Total ram usage:        0 bytes
 Hardware stack levels used:    1
 Hardware stack levels required when called:    2
 This function calls:
		Nothing
 This function is called by:
		_SBY_Control
 This function uses a non-reentrant model


 *************** function _RC_STANDBY_Close *****************
 Defined at:
		line 57 in file "SBY.C"
 Parameters:    Size  Location     Type
		None
 Auto vars:     Size  Location     Type
		None
 Return value:  Size  Location     Type
                  1    wreg      void 
 Registers used:
		None
 Tracked objects:
		On entry : 
		On exit  : 
		Unchanged: 
 Data sizes:     COMMON   BANK0   BANK1
      Params:         0       0       0
      Locals:         0       0       0
      Temps:          0       0       0
      Totals:         0       0       0
Total ram usage:        0 bytes
 Hardware stack levels used:    1
 Hardware stack levels required when called:    2
 This function calls:
		Nothing
 This function is called by:
		_SBY_Control
 This function uses a non-reentrant model


 *************** function _RC_Open *****************
 Defined at:
		line 31 in file "SBY.C"
 Parameters:    Size  Location     Type
		None
 Auto vars:     Size  Location     Type
		None
 Return value:  Size  Location     Type
                  1    wreg      void 
 Registers used:
		None
 Tracked objects:
		On entry : 
		On exit  : 
		Unchanged: 
 Data sizes:     COMMON   BANK0   BANK1
      Params:         0       0       0
      Locals:         0       0       0
      Temps:          0       0       0
      Totals:         0       0       0
Total ram usage:        0 bytes
 Hardware stack levels used:    1
 Hardware stack levels required when called:    2
 This function calls:
		Nothing
 This function is called by:
		_SBY_Control
 This function uses a non-reentrant model


 *************** function _REGISTER_Task *****************
 Defined at:
		line 94 in file "REGISTER.C"
 Parameters:    Size  Location     Type
		None
 Auto vars:     Size  Location     Type
		None
 Return value:  Size  Location     Type
                  1    wreg      void 
 Registers used:
		wreg, fsr0l, fsr0h, status,2, status,0, pclath, cstack
 Tracked objects:
		On entry : 
		On exit  : 
		Unchanged: 
 Data sizes:     COMMON   BANK0   BANK1
      Params:         0       0       0
      Locals:         0       0       0
      Temps:          0       0       0
      Totals:         0       0       0
Total ram usage:        0 bytes
 Hardware stack levels used:    1
 Hardware stack levels required when called:    4
 This function calls:
		_REGISTER_Control
		_REGISTER_Detect
 This function is called by:
		_Task_0
 This function uses a non-reentrant model


 *************** function _REGISTER_Detect *****************
 Defined at:
		line 55 in file "REGISTER.C"
 Parameters:    Size  Location     Type
		None
 Auto vars:     Size  Location     Type
		None
 Return value:  Size  Location     Type
                  1    wreg      void 
 Registers used:
		wreg, status,2, status,0
 Tracked objects:
		On entry : 
		On exit  : 
		Unchanged: 
 Data sizes:     COMMON   BANK0   BANK1
      Params:         0       0       0
      Locals:         0       0       0
      Temps:          0       0       0
      Totals:         0       0       0
Total ram usage:        0 bytes
 Hardware stack levels used:    1
 Hardware stack levels required when called:    2
 This function calls:
		Nothing
 This function is called by:
		_REGISTER_Task
 This function uses a non-reentrant model


 *************** function _REGISTER_Control *****************
 Defined at:
		line 73 in file "REGISTER.C"
 Parameters:    Size  Location     Type
		None
 Auto vars:     Size  Location     Type
  target          1    0[BANK0 ] enum E1307
 Return value:  Size  Location     Type
                  1    wreg      void 
 Registers used:
		wreg, fsr0l, fsr0h, status,2, status,0, pclath, cstack
 Tracked objects:
		On entry : 
		On exit  : 
		Unchanged: 
 Data sizes:     COMMON   BANK0   BANK1
      Params:         0       0       0
      Locals:         0       1       0
      Temps:          0       0       0
      Totals:         0       1       0
Total ram usage:        1 bytes
 Hardware stack levels used:    1
 Hardware stack levels required when called:    3
 This function calls:
		_Regiser_High
		_Regiser_Low
 This function is called by:
		_REGISTER_Task
 This function uses a non-reentrant model


 *************** function _Regiser_Low *****************
 Defined at:
		line 44 in file "REGISTER.C"
 Parameters:    Size  Location     Type
		None
 Auto vars:     Size  Location     Type
		None
 Return value:  Size  Location     Type
                  1    wreg      void 
 Registers used:
		None
 Tracked objects:
		On entry : 
		On exit  : 
		Unchanged: 
 Data sizes:     COMMON   BANK0   BANK1
      Params:         0       0       0
      Locals:         0       0       0
      Temps:          0       0       0
      Totals:         0       0       0
Total ram usage:        0 bytes
 Hardware stack levels used:    1
 Hardware stack levels required when called:    2
 This function calls:
		Nothing
 This function is called by:
		_REGISTER_Control
 This function uses a non-reentrant model


 *************** function _Regiser_High *****************
 Defined at:
		line 33 in file "REGISTER.C"
 Parameters:    Size  Location     Type
		None
 Auto vars:     Size  Location     Type
		None
 Return value:  Size  Location     Type
                  1    wreg      void 
 Registers used:
		None
 Tracked objects:
		On entry : 
		On exit  : 
		Unchanged: 
 Data sizes:     COMMON   BANK0   BANK1
      Params:         0       0       0
      Locals:         0       0       0
      Temps:          0       0       0
      Totals:         0       0       0
Total ram usage:        0 bytes
 Hardware stack levels used:    1
 Hardware stack levels required when called:    2
 This function calls:
		Nothing
 This function is called by:
		_REGISTER_Control
 This function uses a non-reentrant model


 *************** function _READY_Task *****************
 Defined at:
		line 51 in file "READY.C"
 Parameters:    Size  Location     Type
		None
 Auto vars:     Size  Location     Type
		None
 Return value:  Size  Location     Type
                  1    wreg      void 
 Registers used:
		wreg, fsr0l, fsr0h, status,2, status,0, pclath, cstack
 Tracked objects:
		On entry : 
		On exit  : 
		Unchanged: 
 Data sizes:     COMMON   BANK0   BANK1
      Params:         0       0       0
      Locals:         0       0       0
      Temps:          0       0       0
      Totals:         0       0       0
Total ram usage:        0 bytes
 Hardware stack levels used:    1
 Hardware stack levels required when called:    3
 This function calls:
		_Ready_Control
 This function is called by:
		_Task_0
 This function uses a non-reentrant model


 *************** function _Ready_Control *****************
 Defined at:
		line 28 in file "READY.C"
 Parameters:    Size  Location     Type
  on              1    wreg     unsigned char 
 Auto vars:     Size  Location     Type
  on              1    0[BANK0 ] unsigned char 
 Return value:  Size  Location     Type
                  1    wreg      void 
 Registers used:
		wreg, status,2, status,0
 Tracked objects:
		On entry : 
		On exit  : 
		Unchanged: 
 Data sizes:     COMMON   BANK0   BANK1
      Params:         0       0       0
      Locals:         0       1       0
      Temps:          0       0       0
      Totals:         0       1       0
Total ram usage:        1 bytes
 Hardware stack levels used:    1
 Hardware stack levels required when called:    2
 This function calls:
		Nothing
 This function is called by:
		_READY_Task
 This function uses a non-reentrant model


 *************** function _RC_Task *****************
 Defined at:
		line 29 in file "RC.C"
 Parameters:    Size  Location     Type
		None
 Auto vars:     Size  Location     Type
		None
 Return value:  Size  Location     Type
                  1    wreg      void 
 Registers used:
		wreg, status,2, status,0, pclath, cstack
 Tracked objects:
		On entry : 
		On exit  : 
		Unchanged: 
 Data sizes:     COMMON   BANK0   BANK1
      Params:         0       0       0
      Locals:         0       0       0
      Temps:          0       0       0
      Totals:         0       0       0
Total ram usage:        0 bytes
 Hardware stack levels used:    1
 Hardware stack levels required when called:    3
 This function calls:
		_RC_Read
 This function is called by:
		_Task_0
 This function uses a non-reentrant model


 *************** function _RC_Read *****************
 Defined at:
		line 19 in file "RC.C"
 Parameters:    Size  Location     Type
		None
 Auto vars:     Size  Location     Type
		None
 Return value:  Size  Location     Type
                  1    wreg      void 
 Registers used:
		wreg, status,2
 Tracked objects:
		On entry : 
		On exit  : 
		Unchanged: 
 Data sizes:     COMMON   BANK0   BANK1
      Params:         0       0       0
      Locals:         0       0       0
      Temps:          0       0       0
      Totals:         0       0       0
Total ram usage:        0 bytes
 Hardware stack levels used:    1
 Hardware stack levels required when called:    2
 This function calls:
		Nothing
 This function is called by:
		_RC_Task
 This function uses a non-reentrant model


 *************** function _INT_Task *****************
 Defined at:
		line 31 in file "INT.C"
 Parameters:    Size  Location     Type
		None
 Auto vars:     Size  Location     Type
		None
 Return value:  Size  Location     Type
                  1    wreg      void 
 Registers used:
		wreg, status,2, status,0, pclath, cstack
 Tracked objects:
		On entry : 
		On exit  : 
		Unchanged: 
 Data sizes:     COMMON   BANK0   BANK1
      Params:         0       0       0
      Locals:         0       0       0
      Temps:          0       0       0
      Totals:         0       0       0
Total ram usage:        0 bytes
 Hardware stack levels used:    1
 Hardware stack levels required when called:    3
 This function calls:
		_INT_Read
 This function is called by:
		_Task_0
 This function uses a non-reentrant model


 *************** function _INT_Read *****************
 Defined at:
		line 21 in file "INT.C"
 Parameters:    Size  Location     Type
		None
 Auto vars:     Size  Location     Type
		None
 Return value:  Size  Location     Type
                  1    wreg      void 
 Registers used:
		wreg, status,2
 Tracked objects:
		On entry : 
		On exit  : 
		Unchanged: 
 Data sizes:     COMMON   BANK0   BANK1
      Params:         0       0       0
      Locals:         0       0       0
      Temps:          0       0       0
      Totals:         0       0       0
Total ram usage:        0 bytes
 Hardware stack levels used:    1
 Hardware stack levels required when called:    2
 This function calls:
		Nothing
 This function is called by:
		_INT_Task
 This function uses a non-reentrant model


 *************** function _BUZZTT_Task *****************
 Defined at:
		line 130 in file "BUZZ.C"
 Parameters:    Size  Location     Type
		None
 Auto vars:     Size  Location     Type
		None
 Return value:  Size  Location     Type
                  1    wreg      void 
 Registers used:
		wreg, status,2, status,0, pclath, cstack
 Tracked objects:
		On entry : 
		On exit  : 
		Unchanged: 
 Data sizes:     COMMON   BANK0   BANK1
      Params:         0       0       0
      Locals:         0       0       0
      Temps:          0       0       0
      Totals:         0       0       0
Total ram usage:        0 bytes
 Hardware stack levels used:    1
 Hardware stack levels required when called:    5
 This function calls:
		_BUZZHH_Control
 This function is called by:
		_Task_0
 This function uses a non-reentrant model


 *************** function _BUZZHH_Control *****************
 Defined at:
		line 34 in file "BUZZ.C"
 Parameters:    Size  Location     Type
		None
 Auto vars:     Size  Location     Type
		None
 Return value:  Size  Location     Type
                  1    wreg      void 
 Registers used:
		wreg, status,2, status,0, pclath, cstack
 Tracked objects:
		On entry : 
		On exit  : 
		Unchanged: 
 Data sizes:     COMMON   BANK0   BANK1
      Params:         0       0       0
      Locals:         0       0       0
      Temps:          0       0       0
      Totals:         0       0       0
Total ram usage:        0 bytes
 Hardware stack levels used:    1
 Hardware stack levels required when called:    4
 This function calls:
		_Hummer_Task
 This function is called by:
		_BUZZTT_Task
 This function uses a non-reentrant model


 *************** function _Hummer_Task *****************
 Defined at:
		line 118 in file "BUZZ.C"
 Parameters:    Size  Location     Type
		None
 Auto vars:     Size  Location     Type
		None
 Return value:  Size  Location     Type
                  1    wreg      void 
 Registers used:
		status,2, status,0, pclath, cstack
 Tracked objects:
		On entry : 
		On exit  : 
		Unchanged: 
 Data sizes:     COMMON   BANK0   BANK1
      Params:         0       0       0
      Locals:         0       0       0
      Temps:          0       0       0
      Totals:         0       0       0
Total ram usage:        0 bytes
 Hardware stack levels used:    1
 Hardware stack levels required when called:    3
 This function calls:
		_Hummer_Init
 This function is called by:
		_BUZZHH_Control
 This function uses a non-reentrant model


 *************** function _Hummer_Init *****************
 Defined at:
		line 23 in file "BUZZ.C"
 Parameters:    Size  Location     Type
		None
 Auto vars:     Size  Location     Type
		None
 Return value:  Size  Location     Type
                  1    wreg      void 
 Registers used:
		None
 Tracked objects:
		On entry : 
		On exit  : 
		Unchanged: 
 Data sizes:     COMMON   BANK0   BANK1
      Params:         0       0       0
      Locals:         0       0       0
      Temps:          0       0       0
      Totals:         0       0       0
Total ram usage:        0 bytes
 Hardware stack levels used:    1
 Hardware stack levels required when called:    2
 This function calls:
		Nothing
 This function is called by:
		_Hummer_Task
 This function uses a non-reentrant model


 *************** function _Initial *****************
 Defined at:
		line 11 in file "APP.C"
 Parameters:    Size  Location     Type
		None
 Auto vars:     Size  Location     Type
		None
 Return value:  Size  Location     Type
                  1    wreg      void 
 Registers used:
		wreg, status,2, status,0, pclath, cstack
 Tracked objects:
		On entry : 
		On exit  : 
		Unchanged: 
 Data sizes:     COMMON   BANK0   BANK1
      Params:         0       0       0
      Locals:         0       0       0
      Temps:          0       0       0
      Totals:         0       0       0
Total ram usage:        0 bytes
 Hardware stack levels used:    1
 Hardware stack levels required when called:    4
 This function calls:
		_DelayMs
		_INT_Init
		_POWER_INITIAL
		_RC_Init
		_REGISTER_Init
		_Ready_Init
		_SBY_Init
 This function is called by:
		_main
 This function uses a non-reentrant model


 *************** function _SBY_Init *****************
 Defined at:
		line 13 in file "SBY.C"
 Parameters:    Size  Location     Type
		None
 Auto vars:     Size  Location     Type
		None
 Return value:  Size  Location     Type
                  1    wreg      void 
 Registers used:
		status,2
 Tracked objects:
		On entry : 
		On exit  : 
		Unchanged: 
 Data sizes:     COMMON   BANK0   BANK1
      Params:         0       0       0
      Locals:         0       0       0
      Temps:          0       0       0
      Totals:         0       0       0
Total ram usage:        0 bytes
 Hardware stack levels used:    1
 Hardware stack levels required when called:    2
 This function calls:
		Nothing
 This function is called by:
		_Initial
 This function uses a non-reentrant model


 *************** function _Ready_Init *****************
 Defined at:
		line 11 in file "READY.C"
 Parameters:    Size  Location     Type
		None
 Auto vars:     Size  Location     Type
		None
 Return value:  Size  Location     Type
                  1    wreg      void 
 Registers used:
		status,2
 Tracked objects:
		On entry : 
		On exit  : 
		Unchanged: 
 Data sizes:     COMMON   BANK0   BANK1
      Params:         0       0       0
      Locals:         0       0       0
      Temps:          0       0       0
      Totals:         0       0       0
Total ram usage:        0 bytes
 Hardware stack levels used:    1
 Hardware stack levels required when called:    2
 This function calls:
		Nothing
 This function is called by:
		_Initial
 This function uses a non-reentrant model


 *************** function _REGISTER_Init *****************
 Defined at:
		line 17 in file "REGISTER.C"
 Parameters:    Size  Location     Type
		None
 Auto vars:     Size  Location     Type
		None
 Return value:  Size  Location     Type
                  1    wreg      void 
 Registers used:
		status,2
 Tracked objects:
		On entry : 
		On exit  : 
		Unchanged: 
 Data sizes:     COMMON   BANK0   BANK1
      Params:         0       0       0
      Locals:         0       0       0
      Temps:          0       0       0
      Totals:         0       0       0
Total ram usage:        0 bytes
 Hardware stack levels used:    1
 Hardware stack levels required when called:    2
 This function calls:
		Nothing
 This function is called by:
		_Initial
 This function uses a non-reentrant model


 *************** function _RC_Init *****************
 Defined at:
		line 9 in file "RC.C"
 Parameters:    Size  Location     Type
		None
 Auto vars:     Size  Location     Type
		None
 Return value:  Size  Location     Type
                  1    wreg      void 
 Registers used:
		None
 Tracked objects:
		On entry : 
		On exit  : 
		Unchanged: 
 Data sizes:     COMMON   BANK0   BANK1
      Params:         0       0       0
      Locals:         0       0       0
      Temps:          0       0       0
      Totals:         0       0       0
Total ram usage:        0 bytes
 Hardware stack levels used:    1
 Hardware stack levels required when called:    2
 This function calls:
		Nothing
 This function is called by:
		_Initial
 This function uses a non-reentrant model


 *************** function _POWER_INITIAL *****************
 Defined at:
		line 10 in file "POWER.C"
 Parameters:    Size  Location     Type
		None
 Auto vars:     Size  Location     Type
		None
 Return value:  Size  Location     Type
                  1    wreg      void 
 Registers used:
		wreg, status,2
 Tracked objects:
		On entry : 
		On exit  : 
		Unchanged: 
 Data sizes:     COMMON   BANK0   BANK1
      Params:         0       0       0
      Locals:         0       0       0
      Temps:          0       0       0
      Totals:         0       0       0
Total ram usage:        0 bytes
 Hardware stack levels used:    1
 Hardware stack levels required when called:    2
 This function calls:
		Nothing
 This function is called by:
		_Initial
 This function uses a non-reentrant model


 *************** function _INT_Init *****************
 Defined at:
		line 11 in file "INT.C"
 Parameters:    Size  Location     Type
		None
 Auto vars:     Size  Location     Type
		None
 Return value:  Size  Location     Type
                  1    wreg      void 
 Registers used:
		None
 Tracked objects:
		On entry : 
		On exit  : 
		Unchanged: 
 Data sizes:     COMMON   BANK0   BANK1
      Params:         0       0       0
      Locals:         0       0       0
      Temps:          0       0       0
      Totals:         0       0       0
Total ram usage:        0 bytes
 Hardware stack levels used:    1
 Hardware stack levels required when called:    2
 This function calls:
		Nothing
 This function is called by:
		_Initial
 This function uses a non-reentrant model


 *************** function _DelayMs *****************
 Defined at:
		line 22 in file "Delay.C"
 Parameters:    Size  Location     Type
  Time            1    wreg     unsigned char 
 Auto vars:     Size  Location     Type
  Time            1    2[BANK0 ] unsigned char 
  b               1    4[BANK0 ] unsigned char 
  a               1    3[BANK0 ] unsigned char 
 Return value:  Size  Location     Type
                  1    wreg      void 
 Registers used:
		wreg, status,2, status,0, pclath, cstack
 Tracked objects:
		On entry : 
		On exit  : 
		Unchanged: 
 Data sizes:     COMMON   BANK0   BANK1
      Params:         0       0       0
      Locals:         0       3       0
      Temps:          0       0       0
      Totals:         0       3       0
Total ram usage:        3 bytes
 Hardware stack levels used:    1
 Hardware stack levels required when called:    3
 This function calls:
		_DelayUs
 This function is called by:
		_Initial
 This function uses a non-reentrant model


 *************** function _DelayUs *****************
 Defined at:
		line 8 in file "Delay.C"
 Parameters:    Size  Location     Type
  Time            1    wreg     unsigned char 
 Auto vars:     Size  Location     Type
  Time            1    0[BANK0 ] unsigned char 
  a               1    1[BANK0 ] unsigned char 
 Return value:  Size  Location     Type
                  1    wreg      void 
 Registers used:
		wreg, status,2, status,0
 Tracked objects:
		On entry : 
		On exit  : 
		Unchanged: 
 Data sizes:     COMMON   BANK0   BANK1
      Params:         0       0       0
      Locals:         0       2       0
      Temps:          0       0       0
      Totals:         0       2       0
Total ram usage:        2 bytes
 Hardware stack levels used:    1
 Hardware stack levels required when called:    2
 This function calls:
		Nothing
 This function is called by:
		_DelayMs
 This function uses a non-reentrant model


 *************** function _ISR *****************
 Defined at:
		line 24 in file "Main.C"
 Parameters:    Size  Location     Type
		None
 Auto vars:     Size  Location     Type
  i               1    8[COMMON] unsigned char 
 Return value:  Size  Location     Type
                  1    wreg      void 
 Registers used:
		wreg, fsr0l, fsr0h, status,2, status,0, pclath, cstack
 Tracked objects:
		On entry : 
		On exit  : 
		Unchanged: 
 Data sizes:     COMMON   BANK0   BANK1
      Params:         0       0       0
      Locals:         1       0       0
      Temps:          5       0       0
      Totals:         6       0       0
Total ram usage:        6 bytes
 Hardware stack levels used:    1
 Hardware stack levels required when called:    1
 This function calls:
		i1___bmul
 This function is called by:
		Interrupt level 1
 This function uses a non-reentrant model


 *************** function i1___bmul *****************
 Defined at:
		line 4 in file "C:\Program Files (x86)\CCompiler\Compiler\data\sources\common\Umul8.c"
 Parameters:    Size  Location     Type
  multiplier      1    wreg     unsigned char 
  multiplicand    1    0[COMMON] unsigned char 
 Auto vars:     Size  Location     Type
  multiplier      1    1[COMMON] unsigned char 
  __bmul          1    2[COMMON] unsigned char 
 Return value:  Size  Location     Type
                  1    wreg      unsigned char 
 Registers used:
		wreg, status,2, status,0
 Tracked objects:
		On entry : 
		On exit  : 
		Unchanged: 
 Data sizes:     COMMON   BANK0   BANK1
      Params:         1       0       0
      Locals:         2       0       0
      Temps:          0       0       0
      Totals:         3       0       0
Total ram usage:        3 bytes
 Hardware stack levels used:    1
 This function calls:
		Nothing
 This function is called by:
		_ISR
 This function uses a non-reentrant model



MODULE INFORMATION

Module		Function		Class		Link	Load	Size
READY.C
		_Ready_Init    		CODE           	0208	0000	6
		_Ready_Control 		CODE           	01BA	0000	14
		_READY_Task    		CODE           	008F	0000	65

READY.C estimated size: 85

C:\Program Files (x86)\CCompiler\Compiler\data\sources\common\Umul8.c
		___bmul        		CODE           	0190	0000	15

C:\Program Files (x86)\CCompiler\Compiler\data\sources\common\Umul8.c estimated size: 15

REGISTER.C
		_REGISTER_Task 		CODE           	0237	0000	3
		_REGISTER_Init 		CODE           	020D	0000	6
		_Regiser_Low   		CODE           	021A	0000	5
		_REGISTER_Control		CODE           	0146	0000	23
		_Regiser_High  		CODE           	022C	0000	4
		_REGISTER_Detect		CODE           	01E4	0000	9

REGISTER.C estimated size: 50

BUZZ.C
		_BUZZHH_Control		CODE           	01F3	0000	7
		_Hummer_Task   		CODE           	0222	0000	5
		_Hummer_Init   		CODE           	022F	0000	4
		_BUZZTT_Task   		CODE           	0240	0000	2

BUZZ.C estimated size: 18

Main.C
		_ISR           		CODE           	002B	0000	101
		_main          		CODE           	0226	0000	4

Main.C estimated size: 105

POWER.C
		_POWER_INITIAL 		CODE           	0114	0000	27

POWER.C estimated size: 27

shared
		__initialization		CODE           	000D	0000	19
		__fptable      		ENTRY          	0021	0000	11
		i1___bmul      		CODE           	01AC	0000	15
		PL2            		CODE           	00CF	0000	5
		PL4            		CODE           	00D3	0000	6

shared estimated size: 56

INT.C
		_INT_Task      		CODE           	023F	0000	2
		_INT_Read      		CODE           	01FE	0000	6
		_INT_Init      		CODE           	0239	0000	3

INT.C estimated size: 11

APP.C
		_Initial       		CODE           	01C7	0000	12

APP.C estimated size: 12

RC.C
		_RC_Read       		CODE           	01F9	0000	6
		_RC_Task       		CODE           	023E	0000	2
		_RC_Init       		CODE           	0232	0000	4

RC.C estimated size: 12

Timer.C
		_Timer0_Task   		CODE           	015C	0000	22

Timer.C estimated size: 22

SBY.C
		_SBY_Init      		CODE           	0203	0000	6
		_RC_STANDBY_Close		CODE           	0229	0000	4
		_SBY_Task      		CODE           	0235	0000	3
		_SBY_Detect    		CODE           	019E	0000	15
		_SBY_Control   		CODE           	00F9	0000	28
		_RC_Open       		CODE           	0216	0000	5
		_STANDBY_Open  		CODE           	0212	0000	5

SBY.C estimated size: 66

Delay.C
		_DelayUs       		CODE           	01D2	0000	11
		_DelayMs       		CODE           	0171	0000	17

Delay.C estimated size: 28

TASK.C
		_Task_0        		CODE           	01EC	0000	8
		_Task_3        		CODE           	023D	0000	2
		_Task_1        		CODE           	023C	0000	2
		_Task_Process  		CODE           	00D8	0000	34
		_Task_2        		CODE           	023B	0000	2

TASK.C estimated size: 48

