GNU Tool Chain  

Linker command line:

--edf=C:\Program Files (x86)\CCompiler\Compiler\data\dat\en_msgs.txt -cs \
  -h+ft60fc2x_io.sym --cmf=ft60fc2x_io.cmf -z -QFT60FC2X \
  -oC:\Users\gcsja805\AppData\Local\Temp\sdkc.2 -Mft60fc2x_io.map -E1 \
  -ver=XC8 -ASTACK=049h-06fh -pstack=STACK -ACODE=00h-07FFh \
  -ASTRCODE=00h-07FFh -ASTRING=00h-0FFhx8 -ACONST=00h-0FFhx8 \
  -AENTRY=00h-0FFhx8 -ACOMMON=070h-07Fh -ABANK0=020h-06Fh -ABANK1=0A0h-0BFh \
  -ARAM=020h-06Fh,0A0h-0BFh -AABS1=020h-07Fh,0A0h-0BFh -ASFR0=00h-01Fh \
  -ASFR1=080h-09Fh -preset_vec=00h,intentry=04h,init,end_init \
  -ppowerup=CODE -pcinit=CODE -pfunctab=ENTRY -ACONFIG=02007h-02007h \
  -pconfig=CONFIG -DCONFIG=2 -AIDLOC=02000h-02003h -pidloc=IDLOC -DIDLOC=2 \
  -AEEDATA=00h-0FFh/02100h -peeprom_data=EEDATA -DEEDATA=2 -DCODE=2 \
  -DSTRCODE=2 -DSTRING=2 -DCONST=2 -DENTRY=2 -k \
  C:\Users\gcsja805\AppData\Local\Temp\sdkc.obj ft60fc2x_io.obj 

Object code version is 3.11

Machine type is FT60FC2X



                Name                               Link     Load   Length Selector   Space Scale
C:\Users\gcsja805\AppData\Local\Temp\sdkc.obj
                end_init                              C        C        1        8       0
                reset_vec                             0        0        1        0       0
ft60fc2x_io.obj cinit                                 D        D       14        8       0
                functab                              21       21        A       42       0
                intentry                              4        4        8        8       0
                text28                              15F      15F        E       56       0
                text27                               2B       2B       5A       56       0
                text26                              185      185        A       56       0
                text25                              124      124       10       56       0
                text24                              1BC      1BC        5       56       0
                text23                              1B7      1B7        5       56       0
                text22                               DC       DC       1A       56       0
                text21                              1D3      1D3        3       56       0
                text20                              19F      19F        7       56       0
                text19                              1AC      1AC        6       56       0
                text18                              1B2      1B2        5       56       0
                text17                              197      197        8       56       0
                text16                              16D      16D        D       56       0
                text15                              1C9      1C9        4       56       0
                text14                               85       85       36       56       0
                text13                              17A      17A        B       56       0
                text12                              1D0      1D0        3       56       0
                text11                              1CD      1CD        3       56       0
                text10                              1C5      1C5        4       56       0
                text9                               10E      10E       16       56       0
                text8                               1D6      1D6        2       56       0
                text7                               151      151        E       56       0
                text6                               1DA      1DA        1       56       0
                text5                               1C1      1C1        4       56       0
                text4                               1D9      1D9        1       56       0
                text3                               1D8      1D8        1       56       0
                text2                               143      143        E       56       0
                text1                                BB       BB       21       56       0
                maintext                            1A6      1A6        6       56       0
                cstackBANK0                          43       43        6       20       1
                cstackCOMMON                         70       70        9       70       1
                clrtext                             18F      18F        8       56       0
                inittext                            134      134        F       56       0
                dataBANK0                            20       20       18       20       1
                bssBANK0                             38       38        B       20       1
                bssCOMMON                            79       79        5       70       1
                idataBANK0                           F6       F6       18       56       0

TOTAL           Name                               Link     Load   Length     Space
        CLASS   STACK          

        CLASS   CODE           
                end_init                              C        C        1         0
                cinit                                 D        D       14         0
                intentry                              4        4        8         0
                reset_vec                             0        0        1         0
                text28                              15F      15F        E         0
                text27                               2B       2B       5A         0
                text26                              185      185        A         0
                text25                              124      124       10         0
                text24                              1BC      1BC        5         0
                text23                              1B7      1B7        5         0
                text22                               DC       DC       1A         0
                text21                              1D3      1D3        3         0
                text20                              19F      19F        7         0
                text19                              1AC      1AC        6         0
                text18                              1B2      1B2        5         0
                text17                              197      197        8         0
                text16                              16D      16D        D         0
                text15                              1C9      1C9        4         0
                text14                               85       85       36         0
                text13                              17A      17A        B         0
                text12                              1D0      1D0        3         0
                text11                              1CD      1CD        3         0
                text10                              1C5      1C5        4         0
                text9                               10E      10E       16         0
                text8                               1D6      1D6        2         0
                text7                               151      151        E         0
                text6                               1DA      1DA        1         0
                text5                               1C1      1C1        4         0
                text4                               1D9      1D9        1         0
                text3                               1D8      1D8        1         0
                text2                               143      143        E         0
                text1                                BB       BB       21         0
                maintext                            1A6      1A6        6         0
                clrtext                             18F      18F        8         0
                inittext                            134      134        F         0
                idataBANK0                           F6       F6       18         0

        CLASS   STRCODE        

        CLASS   STRING         

        CLASS   CONST          

        CLASS   ENTRY          
                functab                              21       21        A         0

        CLASS   COMMON         
                cstackCOMMON                         70       70        9         1
                bssCOMMON                            79       79        5         1

        CLASS   BANK0          
                cstackBANK0                          43       43        6         1
                dataBANK0                            20       20       18         1
                bssBANK0                             38       38        B         1

        CLASS   BANK1          

        CLASS   RAM            

        CLASS   ABS1           
                abs_s1                               7E       7E        2         1

        CLASS   SFR0           

        CLASS   SFR1           

        CLASS   CONFIG         

        CLASS   IDLOC          

        CLASS   EEDATA         



SEGMENTS        Name                           Load    Length   Top    Selector   Space  Class     Delta

                reset_vec                      000000  000001  000001         0       0  CODE        2
                intentry                       000004  00001D  000021         8       0  CODE        2
                dataBANK0                      000020  000029  000049        20       1  BANK0       1
                functab                        000021  00000A  00002B        42       0  ENTRY       2
                text27                         00002B  0001B0  0001DB        56       0  CODE        2
                cstackCOMMON                   000070  00000E  00007E        70       1  COMMON      1


UNUSED ADDRESS RANGES

        Name                Unused          Largest block    Delta
        BANK0            049-06F            27           1
        BANK1            0A0-0BF            20           1
        CODE             001-003             3           2
                         1DB-7FF           625
        CONFIG           2007-2007             1           2
        CONST            001-003             3           2
                         1DB-7FF           100
        EEDATA           2100-21FF           100           2
        ENTRY            001-003             3           2
                         1DB-7FF           100
        IDLOC            2000-2003             4           2
        RAM              049-06F            27           1
                         0A0-0BF            20
        SFR0             000-01F            20           1
        SFR1             080-09F            20           1
        STACK            049-06F            27           1
        STRCODE          001-003             3           2
                         1DB-7FF           625
        STRING           001-003             3           2
                         1DB-7FF           100

                                  Symbol Table

DelayMs@Time               cstackBANK0  045
DelayMs@a                  cstackBANK0  046
DelayMs@b                  cstackBANK0  047
DelayUs@Time               cstackBANK0  043
DelayUs@a                  cstackBANK0  044
ISR@i                      cstackCOMMON 078
Key_Detect@long_cnt        bssCOMMON    079
Key_Detect@long_trig       bssCOMMON    07B
Key_Detect@press_cnt       bssCOMMON    07C
PL2                        text27       07D
REGISTER_Control@target    cstackBANK0  043
Ready_Control@on           cstackBANK0  043
Task_Process@i             cstackBANK0  046
_DelayMs                   text25       124
_DelayUs                   text26       185
_GIE                       (abs)        05F
_Hummer_Init               text24       1BC
_INTCON                    (abs)        00B
_INT_Init                  text23       1B7
_ISR                       text27       02B
_Initial                   text16       16D
_KEY_Init                  text15       1C9
_Key_Detect                text14       085
_Key_Task                  text13       17A
_MSCON                     (abs)        01B
_OPTION                    (abs)        081
_OSCCON                    (abs)        08F
_PA2                       (abs)        02A
_PORTA                     (abs)        005
_PORTC                     (abs)        007
_POWER_INITIAL             text22       0DC
_PSINKA                    (abs)        097
_PSINKC                    (abs)        09F
_PSRCA                     (abs)        088
_PSRCC                     (abs)        094
_RC_Init                   text21       1D3
_RC_STANDBY_Close          text12       1D0
_REGISTER_Control          text9        10E
_REGISTER_Init             text20       19F
_REGISTER_Task             text8        1D6
_Ready_Control             text7        151
_Ready_Init                text19       1AC
_Regiser_High              text11       1CD
_Regiser_Low               text10       1C5
_SBY_Init                  text18       1B2
_SYS                       bssBANK0     038
_T0IE                      (abs)        05D
_T0IF                      (abs)        05A
_TMR0                      (abs)        001
_TRISA                     (abs)        085
_TRISC                     (abs)        087
_TaskCompany               dataBANK0    020
_Task_0                    text5        1C1
_Task_1                    text4        1D9
_Task_2                    text3        1D8
_Task_3                    text6        1DA
_Task_Process              text1        0BB
_Timer0_Init               text17       197
_WPUA                      (abs)        095
_WPUC                      (abs)        093
__Habs1                    abs1         000
__Hbank0                   bank0        000
__Hbank1                   bank1        000
__HbssBANK0                bssBANK0     000
__HbssCOMMON               bssCOMMON    000
__Hcinit                   cinit        021
__Hclrtext                 clrtext      000
__Hcode                    code         000
__Hcommon                  common       000
__Hconfig                  config       000
__HcstackBANK0             cstackBANK0  000
__HcstackCOMMON            cstackCOMMON 000
__HdataBANK0               dataBANK0    000
__Heeprom_data             eeprom_data  000
__Hend_init                end_init     00D
__Hfunctab                 functab      02B
__HidataBANK0              idataBANK0   000
__Hidloc                   idloc        000
__Hinit                    init         00C
__Hinittext                inittext     000
__Hintentry                intentry     00C
__Hmaintext                maintext     000
__Hpa_nodes0               pa_nodes0    000
__Hpowerup                 powerup      000
__Hram                     ram          000
__Hreset_vec               reset_vec    001
__Hsfr0                    sfr0         000
__Hsfr1                    sfr1         000
__Hspace_0                 (abs)        1DB
__Hspace_1                 (abs)        07E
__Hspace_2                 (abs)        000
__Hspace_3                 (abs)        000
__Hstack                   stack        000
__Hstrings                 strings      000
__Htext                    text         000
__Labs1                    abs1         000
__Lbank0                   bank0        000
__Lbank1                   bank1        000
__LbssBANK0                bssBANK0     000
__LbssCOMMON               bssCOMMON    000
__Lcinit                   cinit        00D
__Lclrtext                 clrtext      000
__Lcode                    code         000
__Lcommon                  common       000
__Lconfig                  config       000
__LcstackBANK0             cstackBANK0  000
__LcstackCOMMON            cstackCOMMON 000
__LdataBANK0               dataBANK0    000
__Leeprom_data             eeprom_data  000
__Lend_init                end_init     00C
__Lfunctab                 functab      021
__LidataBANK0              idataBANK0   000
__Lidloc                   idloc        000
__Linit                    init         00C
__Linittext                inittext     000
__Lintentry                intentry     004
__Lmaintext                maintext     000
__Lpa_nodes0               pa_nodes0    000
__Lpowerup                 powerup      000
__Lram                     ram          000
__Lreset_vec               reset_vec    000
__Lsfr0                    sfr0         000
__Lsfr1                    sfr1         000
__Lspace_0                 (abs)        000
__Lspace_1                 (abs)        000
__Lspace_2                 (abs)        000
__Lspace_3                 (abs)        000
__Lstack                   stack        000
__Lstrings                 strings      000
__Ltext                    text         000
__S0                       (abs)        1DB
__S1                       (abs)        07E
__S2                       (abs)        000
__S3                       (abs)        000
___bmul                    text2        143
___bmul@multiplicand       cstackBANK0  043
___bmul@multiplier         cstackBANK0  045
___bmul@product            cstackBANK0  044
___int_sp                  stack        000
___latbits                 (abs)        000
___sp                      stack        000
__end_ofPL2                text27       085
__end_of_DelayMs           text25       134
__end_of_DelayUs           text26       18F
__end_of_Hummer_Init       text24       1C1
__end_of_INT_Init          text23       1BC
__end_of_ISR               text27       07D
__end_of_Initial           text16       17A
__end_of_KEY_Init          text15       1CD
__end_of_Key_Detect        text14       0BB
__end_of_Key_Task          text13       185
__end_of_POWER_INITIAL     text22       0F6
__end_of_RC_Init           text21       1D6
__end_of_RC_STANDBY_Close  text12       1D3
__end_of_REGISTER_Control  text9        124
__end_of_REGISTER_Init     text20       1A6
__end_of_REGISTER_Task     text8        1D8
__end_of_Ready_Control     text7        15F
__end_of_Ready_Init        text19       1B2
__end_of_Regiser_High      text11       1D0
__end_of_Regiser_Low       text10       1C9
__end_of_SBY_Init          text18       1B7
__end_of_Task_0            text5        1C5
__end_of_Task_1            text4        1DA
__end_of_Task_2            text3        1D9
__end_of_Task_3            text6        1DB
__end_of_Task_Process      text1        0DC
__end_of_Timer0_Init       text17       19F
__end_of___bmul            text2        151
__end_of__fptable          functab      02B
__end_of__initialization   cinit        01F
__end_of_main              maintext     1AC
__end_ofi1___bmul          text28       16D
__fptable                  functab      021
__initialization           cinit        00D
__pbssBANK0                bssBANK0     038
__pbssCOMMON               bssCOMMON    079
__pcstackBANK0             cstackBANK0  043
__pcstackCOMMON            cstackCOMMON 070
__pdataBANK0               dataBANK0    020
__pfunctab                 functab      021
__pidataBANK0              idataBANK0   0F6
__pintentry                intentry     004
__pmaintext                maintext     1A6
__ptext1                   text1        0BB
__ptext10                  text10       1C5
__ptext11                  text11       1CD
__ptext12                  text12       1D0
__ptext13                  text13       17A
__ptext14                  text14       085
__ptext15                  text15       1C9
__ptext16                  text16       16D
__ptext17                  text17       197
__ptext18                  text18       1B2
__ptext19                  text19       1AC
__ptext2                   text2        143
__ptext20                  text20       19F
__ptext21                  text21       1D3
__ptext22                  text22       0DC
__ptext23                  text23       1B7
__ptext24                  text24       1BC
__ptext25                  text25       124
__ptext26                  text26       185
__ptext27                  text27       02B
__ptext28                  text28       15F
__ptext3                   text3        1D8
__ptext4                   text4        1D9
__ptext5                   text5        1C1
__ptext6                   text6        1DA
__ptext7                   text7        151
__ptext8                   text8        1D6
__ptext9                   text9        10E
__size_of_DelayMs          (abs)        000
__size_of_DelayUs          (abs)        000
__size_of_Hummer_Init      (abs)        000
__size_of_INT_Init         (abs)        000
__size_of_ISR              (abs)        000
__size_of_Initial          (abs)        000
__size_of_KEY_Init         (abs)        000
__size_of_Key_Detect       (abs)        000
__size_of_Key_Task         (abs)        000
__size_of_POWER_INITIAL    (abs)        000
__size_of_RC_Init          (abs)        000
__size_of_RC_STANDBY_Close (abs)        000
__size_of_REGISTER_Control (abs)        000
__size_of_REGISTER_Init    (abs)        000
__size_of_REGISTER_Task    (abs)        000
__size_of_Ready_Control    (abs)        000
__size_of_Ready_Init       (abs)        000
__size_of_Regiser_High     (abs)        000
__size_of_Regiser_Low      (abs)        000
__size_of_SBY_Init         (abs)        000
__size_of_Task_0           (abs)        000
__size_of_Task_1           (abs)        000
__size_of_Task_2           (abs)        000
__size_of_Task_3           (abs)        000
__size_of_Task_Process     (abs)        000
__size_of_Timer0_Init      (abs)        000
__size_of___bmul           (abs)        000
__size_of__fptable         (abs)        000
__size_of_main             (abs)        000
__size_ofi1___bmul         (abs)        000
_current_output            bssCOMMON    07D
_last_state                bssBANK0     042
_main                      maintext     1A6
btemp                      (abs)        07E
clear_ram0                 clrtext      18F
end_of_initialization      cinit        01F
fpbase                     functab      026
fptable                    functab      021
fptotal                    (abs)        008
i1___bmul                  text28       15F
i1___bmul@multiplicand     cstackCOMMON 070
i1___bmul@multiplier       cstackCOMMON 071
i1___bmul@product          cstackCOMMON 072
init_fetch0                inittext     134
init_ram0                  inittext     138
interrupt_function         intentry     004
intlevel0                  functab      021
intlevel1                  functab      021
intlevel2                  functab      021
intlevel3                  functab      021
intlevel4                  functab      021
intlevel5                  functab      021
main@zx                    cstackBANK0  048
reset_vec                  reset_vec    000
saved_w                    (abs)        07E
stackhi                    (abs)        000
stacklo                    (abs)        000
start                      init         00C
start_initialization       cinit        00D
wtemp0                     (abs)        07E


FUNCTION INFORMATION:

 *************** function _main *****************
 Defined at:
		line 53 in file "Main.C"
 Parameters:    Size  Location     Type
		None
 Auto vars:     Size  Location     Type
  zx              1    5[BANK0 ] volatile unsigned char 
 Return value:  Size  Location     Type
                  1    wreg      void 
 Registers used:
		wreg, fsr0l, fsr0h, status,2, status,0, pclath, cstack
 Tracked objects:
		On entry : 
		On exit  : 
		Unchanged: 
 Data sizes:     COMMON   BANK0   BANK1
      Params:         0       0       0
      Locals:         0       1       0
      Temps:          0       0       0
      Totals:         0       1       0
Total ram usage:        1 bytes
 Hardware stack levels required when called:    7
 This function calls:
		_Initial
		_Key_Task
		_Task_Process
 This function is called by:
		Startup code after reset
 This function uses a non-reentrant model


 *************** function _Task_Process *****************
 Defined at:
		line 111 in file "TASK.C"
 Parameters:    Size  Location     Type
		None
 Auto vars:     Size  Location     Type
  i               1    3[BANK0 ] unsigned char 
 Return value:  Size  Location     Type
                  1    wreg      void 
 Registers used:
		wreg, fsr0l, fsr0h, status,2, status,0, pclath, cstack
 Tracked objects:
		On entry : 
		On exit  : 
		Unchanged: 
 Data sizes:     COMMON   BANK0   BANK1
      Params:         0       0       0
      Locals:         0       1       0
      Temps:          0       0       0
      Totals:         0       1       0
Total ram usage:        1 bytes
 Hardware stack levels used:    1
 Hardware stack levels required when called:    6
 This function calls:
		_Task_0
		_Task_1
		_Task_2
		_Task_3
		___bmul
 This function is called by:
		_main
 This function uses a non-reentrant model


 *************** function ___bmul *****************
 Defined at:
		line 4 in file "C:\Program Files (x86)\CCompiler\Compiler\data\sources\common\Umul8.c"
 Parameters:    Size  Location     Type
  multiplier      1    wreg     unsigned char 
  multiplicand    1    0[BANK0 ] unsigned char 
 Auto vars:     Size  Location     Type
  multiplier      1    2[BANK0 ] unsigned char 
  product         1    1[BANK0 ] unsigned char 
 Return value:  Size  Location     Type
                  1    wreg      unsigned char 
 Registers used:
		wreg, status,2, status,0
 Tracked objects:
		On entry : 
		On exit  : 
		Unchanged: 
 Data sizes:     COMMON   BANK0   BANK1
      Params:         0       1       0
      Locals:         0       2       0
      Temps:          0       0       0
      Totals:         0       3       0
Total ram usage:        3 bytes
 Hardware stack levels used:    1
 Hardware stack levels required when called:    2
 This function calls:
		Nothing
 This function is called by:
		_Task_Process
		_ISR
 This function uses a non-reentrant model


 *************** function _Task_2 *****************
 Defined at:
		line 61 in file "TASK.C"
 Parameters:    Size  Location     Type
		None
 Auto vars:     Size  Location     Type
		None
 Return value:  Size  Location     Type
                  1    wreg      void 
 Registers used:
		None
 Tracked objects:
		On entry : 
		On exit  : 
		Unchanged: 
 Data sizes:     COMMON   BANK0   BANK1
      Params:         0       0       0
      Locals:         0       0       0
      Temps:          0       0       0
      Totals:         0       0       0
Total ram usage:        0 bytes
 Hardware stack levels used:    1
 Hardware stack levels required when called:    2
 This function calls:
		Nothing
 This function is called by:
		_Task_Process
 This function uses a non-reentrant model


 *************** function _Task_1 *****************
 Defined at:
		line 52 in file "TASK.C"
 Parameters:    Size  Location     Type
		None
 Auto vars:     Size  Location     Type
		None
 Return value:  Size  Location     Type
                  1    wreg      void 
 Registers used:
		None
 Tracked objects:
		On entry : 
		On exit  : 
		Unchanged: 
 Data sizes:     COMMON   BANK0   BANK1
      Params:         0       0       0
      Locals:         0       0       0
      Temps:          0       0       0
      Totals:         0       0       0
Total ram usage:        0 bytes
 Hardware stack levels used:    1
 Hardware stack levels required when called:    2
 This function calls:
		Nothing
 This function is called by:
		_Task_Process
 This function uses a non-reentrant model


 *************** function _Task_0 *****************
 Defined at:
		line 19 in file "TASK.C"
 Parameters:    Size  Location     Type
		None
 Auto vars:     Size  Location     Type
		None
 Return value:  Size  Location     Type
                  1    wreg      void 
 Registers used:
		wreg, fsr0l, fsr0h, status,2, status,0, pclath, cstack
 Tracked objects:
		On entry : 
		On exit  : 
		Unchanged: 
 Data sizes:     COMMON   BANK0   BANK1
      Params:         0       0       0
      Locals:         0       0       0
      Temps:          0       0       0
      Totals:         0       0       0
Total ram usage:        0 bytes
 Hardware stack levels used:    1
 Hardware stack levels required when called:    5
 This function calls:
		_RC_STANDBY_Close
		_REGISTER_Task
		_Ready_Control
 This function is called by:
		_Task_Process
 This function uses a non-reentrant model


 *************** function _Task_3 *****************
 Defined at:
		line 70 in file "TASK.C"
 Parameters:    Size  Location     Type
		None
 Auto vars:     Size  Location     Type
		None
 Return value:  Size  Location     Type
                  1    wreg      void 
 Registers used:
		None
 Tracked objects:
		On entry : 
		On exit  : 
		Unchanged: 
 Data sizes:     COMMON   BANK0   BANK1
      Params:         0       0       0
      Locals:         0       0       0
      Temps:          0       0       0
      Totals:         0       0       0
Total ram usage:        0 bytes
 Hardware stack levels used:    1
 Hardware stack levels required when called:    2
 This function calls:
		Nothing
 This function is called by:
		_Task_Process
 This function uses a non-reentrant model


 *************** function _Ready_Control *****************
 Defined at:
		line 28 in file "READY.C"
 Parameters:    Size  Location     Type
  on              1    wreg     unsigned char 
 Auto vars:     Size  Location     Type
  on              1    0[BANK0 ] unsigned char 
 Return value:  Size  Location     Type
                  1    wreg      void 
 Registers used:
		wreg, status,2, status,0
 Tracked objects:
		On entry : 
		On exit  : 
		Unchanged: 
 Data sizes:     COMMON   BANK0   BANK1
      Params:         0       0       0
      Locals:         0       1       0
      Temps:          0       0       0
      Totals:         0       1       0
Total ram usage:        1 bytes
 Hardware stack levels used:    1
 Hardware stack levels required when called:    2
 This function calls:
		Nothing
 This function is called by:
		_Task_0
 This function uses a non-reentrant model


 *************** function _REGISTER_Task *****************
 Defined at:
		line 94 in file "REGISTER.C"
 Parameters:    Size  Location     Type
		None
 Auto vars:     Size  Location     Type
		None
 Return value:  Size  Location     Type
                  1    wreg      void 
 Registers used:
		wreg, fsr0l, fsr0h, status,2, status,0, pclath, cstack
 Tracked objects:
		On entry : 
		On exit  : 
		Unchanged: 
 Data sizes:     COMMON   BANK0   BANK1
      Params:         0       0       0
      Locals:         0       0       0
      Temps:          0       0       0
      Totals:         0       0       0
Total ram usage:        0 bytes
 Hardware stack levels used:    1
 Hardware stack levels required when called:    4
 This function calls:
		_REGISTER_Control
 This function is called by:
		_Task_0
 This function uses a non-reentrant model


 *************** function _REGISTER_Control *****************
 Defined at:
		line 73 in file "REGISTER.C"
 Parameters:    Size  Location     Type
		None
 Auto vars:     Size  Location     Type
  target          1    0[BANK0 ] enum E1307
 Return value:  Size  Location     Type
                  1    wreg      void 
 Registers used:
		wreg, fsr0l, fsr0h, status,2, status,0, pclath, cstack
 Tracked objects:
		On entry : 
		On exit  : 
		Unchanged: 
 Data sizes:     COMMON   BANK0   BANK1
      Params:         0       0       0
      Locals:         0       1       0
      Temps:          0       0       0
      Totals:         0       1       0
Total ram usage:        1 bytes
 Hardware stack levels used:    1
 Hardware stack levels required when called:    3
 This function calls:
		_Regiser_High
		_Regiser_Low
 This function is called by:
		_REGISTER_Task
 This function uses a non-reentrant model


 *************** function _Regiser_Low *****************
 Defined at:
		line 44 in file "REGISTER.C"
 Parameters:    Size  Location     Type
		None
 Auto vars:     Size  Location     Type
		None
 Return value:  Size  Location     Type
                  1    wreg      void 
 Registers used:
		None
 Tracked objects:
		On entry : 
		On exit  : 
		Unchanged: 
 Data sizes:     COMMON   BANK0   BANK1
      Params:         0       0       0
      Locals:         0       0       0
      Temps:          0       0       0
      Totals:         0       0       0
Total ram usage:        0 bytes
 Hardware stack levels used:    1
 Hardware stack levels required when called:    2
 This function calls:
		Nothing
 This function is called by:
		_REGISTER_Control
 This function uses a non-reentrant model


 *************** function _Regiser_High *****************
 Defined at:
		line 33 in file "REGISTER.C"
 Parameters:    Size  Location     Type
		None
 Auto vars:     Size  Location     Type
		None
 Return value:  Size  Location     Type
                  1    wreg      void 
 Registers used:
		None
 Tracked objects:
		On entry : 
		On exit  : 
		Unchanged: 
 Data sizes:     COMMON   BANK0   BANK1
      Params:         0       0       0
      Locals:         0       0       0
      Temps:          0       0       0
      Totals:         0       0       0
Total ram usage:        0 bytes
 Hardware stack levels used:    1
 Hardware stack levels required when called:    2
 This function calls:
		Nothing
 This function is called by:
		_REGISTER_Control
 This function uses a non-reentrant model


 *************** function _RC_STANDBY_Close *****************
 Defined at:
		line 57 in file "SBY.C"
 Parameters:    Size  Location     Type
		None
 Auto vars:     Size  Location     Type
		None
 Return value:  Size  Location     Type
                  1    wreg      void 
 Registers used:
		None
 Tracked objects:
		On entry : 
		On exit  : 
		Unchanged: 
 Data sizes:     COMMON   BANK0   BANK1
      Params:         0       0       0
      Locals:         0       0       0
      Temps:          0       0       0
      Totals:         0       0       0
Total ram usage:        0 bytes
 Hardware stack levels used:    1
 Hardware stack levels required when called:    2
 This function calls:
		Nothing
 This function is called by:
		_Task_0
 This function uses a non-reentrant model


 *************** function _Key_Task *****************
 Defined at:
		line 109 in file "BUZZ.C"
 Parameters:    Size  Location     Type
		None
 Auto vars:     Size  Location     Type
		None
 Return value:  Size  Location     Type
                  1    wreg      void 
 Registers used:
		wreg, status,2, status,0, pclath, cstack
 Tracked objects:
		On entry : 
		On exit  : 
		Unchanged: 
 Data sizes:     COMMON   BANK0   BANK1
      Params:         0       0       0
      Locals:         0       0       0
      Temps:          0       0       0
      Totals:         0       0       0
Total ram usage:        0 bytes
 Hardware stack levels used:    1
 Hardware stack levels required when called:    3
 This function calls:
		_KEY_Init
		_Key_Detect
 This function is called by:
		_main
 This function uses a non-reentrant model


 *************** function _Key_Detect *****************
 Defined at:
		line 55 in file "BUZZ.C"
 Parameters:    Size  Location     Type
		None
 Auto vars:     Size  Location     Type
		None
 Return value:  Size  Location     Type
                  1    wreg      void 
 Registers used:
		wreg, status,2, status,0
 Tracked objects:
		On entry : 
		On exit  : 
		Unchanged: 
 Data sizes:     COMMON   BANK0   BANK1
      Params:         0       0       0
      Locals:         0       0       0
      Temps:          0       0       0
      Totals:         0       0       0
Total ram usage:        0 bytes
 Hardware stack levels used:    1
 Hardware stack levels required when called:    2
 This function calls:
		Nothing
 This function is called by:
		_Key_Task
 This function uses a non-reentrant model


 *************** function _KEY_Init *****************
 Defined at:
		line 10 in file "BUZZ.C"
 Parameters:    Size  Location     Type
		None
 Auto vars:     Size  Location     Type
		None
 Return value:  Size  Location     Type
                  1    wreg      void 
 Registers used:
		None
 Tracked objects:
		On entry : 
		On exit  : 
		Unchanged: 
 Data sizes:     COMMON   BANK0   BANK1
      Params:         0       0       0
      Locals:         0       0       0
      Temps:          0       0       0
      Totals:         0       0       0
Total ram usage:        0 bytes
 Hardware stack levels used:    1
 Hardware stack levels required when called:    2
 This function calls:
		Nothing
 This function is called by:
		_Key_Task
 This function uses a non-reentrant model


 *************** function _Initial *****************
 Defined at:
		line 11 in file "APP.C"
 Parameters:    Size  Location     Type
		None
 Auto vars:     Size  Location     Type
		None
 Return value:  Size  Location     Type
                  1    wreg      void 
 Registers used:
		wreg, status,2, status,0, pclath, cstack
 Tracked objects:
		On entry : 
		On exit  : 
		Unchanged: 
 Data sizes:     COMMON   BANK0   BANK1
      Params:         0       0       0
      Locals:         0       0       0
      Temps:          0       0       0
      Totals:         0       0       0
Total ram usage:        0 bytes
 Hardware stack levels used:    1
 Hardware stack levels required when called:    4
 This function calls:
		_DelayMs
		_Hummer_Init
		_INT_Init
		_POWER_INITIAL
		_RC_Init
		_REGISTER_Init
		_Ready_Init
		_SBY_Init
		_Timer0_Init
 This function is called by:
		_main
 This function uses a non-reentrant model


 *************** function _Timer0_Init *****************
 Defined at:
		line 9 in file "Timer.C"
 Parameters:    Size  Location     Type
		None
 Auto vars:     Size  Location     Type
		None
 Return value:  Size  Location     Type
                  1    wreg      void 
 Registers used:
		wreg
 Tracked objects:
		On entry : 
		On exit  : 
		Unchanged: 
 Data sizes:     COMMON   BANK0   BANK1
      Params:         0       0       0
      Locals:         0       0       0
      Temps:          0       0       0
      Totals:         0       0       0
Total ram usage:        0 bytes
 Hardware stack levels used:    1
 Hardware stack levels required when called:    2
 This function calls:
		Nothing
 This function is called by:
		_Initial
 This function uses a non-reentrant model


 *************** function _SBY_Init *****************
 Defined at:
		line 13 in file "SBY.C"
 Parameters:    Size  Location     Type
		None
 Auto vars:     Size  Location     Type
		None
 Return value:  Size  Location     Type
                  1    wreg      void 
 Registers used:
		None
 Tracked objects:
		On entry : 
		On exit  : 
		Unchanged: 
 Data sizes:     COMMON   BANK0   BANK1
      Params:         0       0       0
      Locals:         0       0       0
      Temps:          0       0       0
      Totals:         0       0       0
Total ram usage:        0 bytes
 Hardware stack levels used:    1
 Hardware stack levels required when called:    2
 This function calls:
		Nothing
 This function is called by:
		_Initial
 This function uses a non-reentrant model


 *************** function _Ready_Init *****************
 Defined at:
		line 11 in file "READY.C"
 Parameters:    Size  Location     Type
		None
 Auto vars:     Size  Location     Type
		None
 Return value:  Size  Location     Type
                  1    wreg      void 
 Registers used:
		status,2
 Tracked objects:
		On entry : 
		On exit  : 
		Unchanged: 
 Data sizes:     COMMON   BANK0   BANK1
      Params:         0       0       0
      Locals:         0       0       0
      Temps:          0       0       0
      Totals:         0       0       0
Total ram usage:        0 bytes
 Hardware stack levels used:    1
 Hardware stack levels required when called:    2
 This function calls:
		Nothing
 This function is called by:
		_Initial
 This function uses a non-reentrant model


 *************** function _REGISTER_Init *****************
 Defined at:
		line 17 in file "REGISTER.C"
 Parameters:    Size  Location     Type
		None
 Auto vars:     Size  Location     Type
		None
 Return value:  Size  Location     Type
                  1    wreg      void 
 Registers used:
		status,2
 Tracked objects:
		On entry : 
		On exit  : 
		Unchanged: 
 Data sizes:     COMMON   BANK0   BANK1
      Params:         0       0       0
      Locals:         0       0       0
      Temps:          0       0       0
      Totals:         0       0       0
Total ram usage:        0 bytes
 Hardware stack levels used:    1
 Hardware stack levels required when called:    2
 This function calls:
		Nothing
 This function is called by:
		_Initial
 This function uses a non-reentrant model


 *************** function _RC_Init *****************
 Defined at:
		line 11 in file "RC.C"
 Parameters:    Size  Location     Type
		None
 Auto vars:     Size  Location     Type
		None
 Return value:  Size  Location     Type
                  1    wreg      void 
 Registers used:
		None
 Tracked objects:
		On entry : 
		On exit  : 
		Unchanged: 
 Data sizes:     COMMON   BANK0   BANK1
      Params:         0       0       0
      Locals:         0       0       0
      Temps:          0       0       0
      Totals:         0       0       0
Total ram usage:        0 bytes
 Hardware stack levels used:    1
 Hardware stack levels required when called:    2
 This function calls:
		Nothing
 This function is called by:
		_Initial
 This function uses a non-reentrant model


 *************** function _POWER_INITIAL *****************
 Defined at:
		line 10 in file "POWER.C"
 Parameters:    Size  Location     Type
		None
 Auto vars:     Size  Location     Type
		None
 Return value:  Size  Location     Type
                  1    wreg      void 
 Registers used:
		wreg, status,2
 Tracked objects:
		On entry : 
		On exit  : 
		Unchanged: 
 Data sizes:     COMMON   BANK0   BANK1
      Params:         0       0       0
      Locals:         0       0       0
      Temps:          0       0       0
      Totals:         0       0       0
Total ram usage:        0 bytes
 Hardware stack levels used:    1
 Hardware stack levels required when called:    2
 This function calls:
		Nothing
 This function is called by:
		_Initial
 This function uses a non-reentrant model


 *************** function _INT_Init *****************
 Defined at:
		line 11 in file "INT.C"
 Parameters:    Size  Location     Type
		None
 Auto vars:     Size  Location     Type
		None
 Return value:  Size  Location     Type
                  1    wreg      void 
 Registers used:
		None
 Tracked objects:
		On entry : 
		On exit  : 
		Unchanged: 
 Data sizes:     COMMON   BANK0   BANK1
      Params:         0       0       0
      Locals:         0       0       0
      Temps:          0       0       0
      Totals:         0       0       0
Total ram usage:        0 bytes
 Hardware stack levels used:    1
 Hardware stack levels required when called:    2
 This function calls:
		Nothing
 This function is called by:
		_Initial
 This function uses a non-reentrant model


 *************** function _Hummer_Init *****************
 Defined at:
		line 23 in file "BUZZ.C"
 Parameters:    Size  Location     Type
		None
 Auto vars:     Size  Location     Type
		None
 Return value:  Size  Location     Type
                  1    wreg      void 
 Registers used:
		None
 Tracked objects:
		On entry : 
		On exit  : 
		Unchanged: 
 Data sizes:     COMMON   BANK0   BANK1
      Params:         0       0       0
      Locals:         0       0       0
      Temps:          0       0       0
      Totals:         0       0       0
Total ram usage:        0 bytes
 Hardware stack levels used:    1
 Hardware stack levels required when called:    2
 This function calls:
		Nothing
 This function is called by:
		_Initial
 This function uses a non-reentrant model


 *************** function _DelayMs *****************
 Defined at:
		line 22 in file "Delay.C"
 Parameters:    Size  Location     Type
  Time            1    wreg     unsigned char 
 Auto vars:     Size  Location     Type
  Time            1    2[BANK0 ] unsigned char 
  b               1    4[BANK0 ] unsigned char 
  a               1    3[BANK0 ] unsigned char 
 Return value:  Size  Location     Type
                  1    wreg      void 
 Registers used:
		wreg, status,2, status,0, pclath, cstack
 Tracked objects:
		On entry : 
		On exit  : 
		Unchanged: 
 Data sizes:     COMMON   BANK0   BANK1
      Params:         0       0       0
      Locals:         0       3       0
      Temps:          0       0       0
      Totals:         0       3       0
Total ram usage:        3 bytes
 Hardware stack levels used:    1
 Hardware stack levels required when called:    3
 This function calls:
		_DelayUs
 This function is called by:
		_Initial
 This function uses a non-reentrant model


 *************** function _DelayUs *****************
 Defined at:
		line 8 in file "Delay.C"
 Parameters:    Size  Location     Type
  Time            1    wreg     unsigned char 
 Auto vars:     Size  Location     Type
  Time            1    0[BANK0 ] unsigned char 
  a               1    1[BANK0 ] unsigned char 
 Return value:  Size  Location     Type
                  1    wreg      void 
 Registers used:
		wreg, status,2, status,0
 Tracked objects:
		On entry : 
		On exit  : 
		Unchanged: 
 Data sizes:     COMMON   BANK0   BANK1
      Params:         0       0       0
      Locals:         0       2       0
      Temps:          0       0       0
      Totals:         0       2       0
Total ram usage:        2 bytes
 Hardware stack levels used:    1
 Hardware stack levels required when called:    2
 This function calls:
		Nothing
 This function is called by:
		_DelayMs
 This function uses a non-reentrant model


 *************** function _ISR *****************
 Defined at:
		line 24 in file "Main.C"
 Parameters:    Size  Location     Type
		None
 Auto vars:     Size  Location     Type
  i               1    8[COMMON] unsigned char 
 Return value:  Size  Location     Type
                  1    wreg      void 
 Registers used:
		wreg, fsr0l, fsr0h, status,2, status,0, pclath, cstack
 Tracked objects:
		On entry : 
		On exit  : 
		Unchanged: 
 Data sizes:     COMMON   BANK0   BANK1
      Params:         0       0       0
      Locals:         1       0       0
      Temps:          5       0       0
      Totals:         6       0       0
Total ram usage:        6 bytes
 Hardware stack levels used:    1
 Hardware stack levels required when called:    1
 This function calls:
		i1___bmul
 This function is called by:
		Interrupt level 1
 This function uses a non-reentrant model


 *************** function i1___bmul *****************
 Defined at:
		line 4 in file "C:\Program Files (x86)\CCompiler\Compiler\data\sources\common\Umul8.c"
 Parameters:    Size  Location     Type
  multiplier      1    wreg     unsigned char 
  multiplicand    1    0[COMMON] unsigned char 
 Auto vars:     Size  Location     Type
  multiplier      1    1[COMMON] unsigned char 
  __bmul          1    2[COMMON] unsigned char 
 Return value:  Size  Location     Type
                  1    wreg      unsigned char 
 Registers used:
		wreg, status,2, status,0
 Tracked objects:
		On entry : 
		On exit  : 
		Unchanged: 
 Data sizes:     COMMON   BANK0   BANK1
      Params:         1       0       0
      Locals:         2       0       0
      Temps:          0       0       0
      Totals:         3       0       0
Total ram usage:        3 bytes
 Hardware stack levels used:    1
 This function calls:
		Nothing
 This function is called by:
		_ISR
 This function uses a non-reentrant model



MODULE INFORMATION

Module		Function		Class		Link	Load	Size
READY.C
		_Ready_Init    		CODE           	01AC	0000	7
		_Ready_Control 		CODE           	0151	0000	15

READY.C estimated size: 22

C:\Program Files (x86)\CCompiler\Compiler\data\sources\common\Umul8.c
		___bmul        		CODE           	0143	0000	15

C:\Program Files (x86)\CCompiler\Compiler\data\sources\common\Umul8.c estimated size: 15

REGISTER.C
		_REGISTER_Task 		CODE           	01D6	0000	3
		_REGISTER_Init 		CODE           	019F	0000	8
		_Regiser_Low   		CODE           	01C5	0000	5
		_REGISTER_Control		CODE           	010E	0000	23
		_Regiser_High  		CODE           	01CD	0000	4

REGISTER.C estimated size: 43

BUZZ.C
		_Key_Task      		CODE           	017A	0000	12
		_Hummer_Init   		CODE           	01BC	0000	6
		_Key_Detect    		CODE           	0085	0000	55
		_KEY_Init      		CODE           	01C9	0000	5

BUZZ.C estimated size: 78

Main.C
		_ISR           		CODE           	002B	0000	83
		_main          		CODE           	01A6	0000	7

Main.C estimated size: 90

POWER.C
		_POWER_INITIAL 		CODE           	00DC	0000	27

POWER.C estimated size: 27

shared
		__initialization		CODE           	000D	0000	19
		__fptable      		ENTRY          	0021	0000	11
		i1___bmul      		CODE           	015F	0000	15
		PL2            		CODE           	007D	0000	9

shared estimated size: 54

INT.C
		_INT_Init      		CODE           	01B7	0000	6

INT.C estimated size: 6

APP.C
		_Initial       		CODE           	016D	0000	14

APP.C estimated size: 14

RC.C
		_RC_Init       		CODE           	01D3	0000	4

RC.C estimated size: 4

Timer.C
		_Timer0_Init   		CODE           	0197	0000	9

Timer.C estimated size: 9

SBY.C
		_SBY_Init      		CODE           	01B2	0000	6
		_RC_STANDBY_Close		CODE           	01D0	0000	4

SBY.C estimated size: 10

Delay.C
		_DelayUs       		CODE           	0185	0000	11
		_DelayMs       		CODE           	0124	0000	17

Delay.C estimated size: 28

TASK.C
		_Task_0        		CODE           	01C1	0000	5
		_Task_3        		CODE           	01DA	0000	2
		_Task_1        		CODE           	01D9	0000	2
		_Task_Process  		CODE           	00BB	0000	34
		_Task_2        		CODE           	01D8	0000	2

TASK.C estimated size: 45

